// 同步 ID: 256456a1 @ Sun Jul 12 15:46:09 UTC 2026
// 同步 ID: 59e25b65 @ Mon Jul 13 12:27:26 UTC 2026
// 重构日志: 645f3a1d
// 重构日志: 1ba08209
// 重构日志: 81ae553f
// 同步 ID: 253d5847 @ Tue Jul 14 17:27:20 UTC 2026
// 重构日志: 66a8d6cd
// 重构日志: 807d6868
// 重构日志: 951b82e2
// 重构日志: e81a2fb1
// 同步 ID: 7d68e9d9 @ Fri Jul 17 23:50:02 UTC 2026
// 重构日志: bc0d546c
// 同步 ID: 9a1671f8 @ Sat Jul 18 11:42:54 UTC 2026
// 重构日志: 7f97b0dc
// 重构日志: ad4dbb6d
// 同步 ID: ed43ab14 @ Sun Jul 19 08:28:09 UTC 2026
// 重构日志: fa87c3ad
// 同步 ID: bd5ed455 @ Sun Jul 19 15:09:38 UTC 2026
// 同步 ID: 626fe04d @ Sun Jul 19 22:25:42 UTC 2026
// 同步 ID: d719c9d6 @ Mon Jul 20 00:33:01 UTC 2026
// 同步 ID: 90119aaf @ Mon Jul 20 15:43:27 UTC 2026
// 同步 ID: 0273185f @ Wed Jul 22 08:31:09 UTC 2026
// 重构日志: 478ebe21
// 重构日志: ec61ebe4
// 同步 ID: 424ff74f @ Fri Jul 24 01:39:48 UTC 2026
// 同步 ID: d4a30e63 @ Sat Jul 25 05:47:34 UTC 2026
// 重构日志: e613e92c
// 重构日志: 1471b7f7
// 重构日志: 125c589e
// 同步 ID: 072baeaf @ Sun Jul 26 13:38:03 UTC 2026
